
AVRASM ver. 2.1.30  D:\project\code visionAVR\fdmxrobot\List\t1.asm Wed Apr 19 19:24:27 2017

                 
                 
                 ;CodeVisionAVR C Compiler V3.12 Advanced
                 ;(C) Copyright 1998-2014 Pavel Haiduc, HP InfoTech s.r.l.
                 ;http://www.hpinfotech.com
                 
                 ;Build configuration    : Release
                 ;Chip type              : ATmega8
                 ;Program type           : Application
                 ;Clock frequency        : 8/000000 MHz
                 ;Memory model           : Small
                 ;Optimize for           : Size
                 ;(s)printf features     : int, width
                 ;(s)scanf features      : int, width
                 ;External RAM size      : 0
                 ;Data Stack size        : 256 byte(s)
                 ;Heap size              : 0 byte(s)
                 ;Promote 'char' to 'int': Yes
                 ;'char' is unsigned     : Yes
                 ;8 bit enums            : Yes
                 ;Global 'const' stored in FLASH: No
                 ;Enhanced function parameter passing: Yes
                 ;Enhanced core instructions: On
                 ;Automatic register allocation for global variables: On
                 ;Smart register allocation: On
                 
                 	#define _MODEL_SMALL_
                 
                 	#pragma AVRPART ADMIN PART_NAME ATmega8
                 	#pragma AVRPART MEMORY PROG_FLASH 8192
                 	#pragma AVRPART MEMORY EEPROM 512
                 	#pragma AVRPART MEMORY INT_SRAM SIZE 1024
                 	#pragma AVRPART MEMORY INT_SRAM START_ADDR 0x60
                 
                 	.LISTMAC
                 	.EQU UDRE=0x5
                 	.EQU RXC=0x7
                 	.EQU USR=0xB
                 	.EQU UDR=0xC
                 	.EQU SPSR=0xE
                 	.EQU SPDR=0xF
                 	.EQU EERE=0x0
                 	.EQU EEWE=0x1
                 	.EQU EEMWE=0x2
                 	.EQU EECR=0x1C
                 	.EQU EEDR=0x1D
                 	.EQU EEARL=0x1E
                 	.EQU EEARH=0x1F
                 	.EQU WDTCR=0x21
                 	.EQU MCUCR=0x35
                 	.EQU GICR=0x3B
                 	.EQU SPL=0x3D
                 	.EQU SPH=0x3E
                 	.EQU SREG=0x3F
                 
                 	.DEF R0X0=R0
                 	.DEF R0X1=R1
                 	.DEF R0X2=R2
                 	.DEF R0X3=R3
                 	.DEF R0X4=R4
                 	.DEF R0X5=R5
                 	.DEF R0X6=R6
                 	.DEF R0X7=R7
                 	.DEF R0X8=R8
                 	.DEF R0X9=R9
                 	.DEF R0XA=R10
                 	.DEF R0XB=R11
                 	.DEF R0XC=R12
                 	.DEF R0XD=R13
                 	.DEF R0XE=R14
                 	.DEF R0XF=R15
                 	.DEF R0X10=R16
                 	.DEF R0X11=R17
                 	.DEF R0X12=R18
                 	.DEF R0X13=R19
                 	.DEF R0X14=R20
                 	.DEF R0X15=R21
                 	.DEF R0X16=R22
                 	.DEF R0X17=R23
                 	.DEF R0X18=R24
                 	.DEF R0X19=R25
                 	.DEF R0X1A=R26
                 	.DEF R0X1B=R27
                 	.DEF R0X1C=R28
                 	.DEF R0X1D=R29
                 	.DEF R0X1E=R30
                 	.DEF R0X1F=R31
                 
                 	.EQU __SRAM_START=0x0060
                 	.EQU __SRAM_END=0x045F
                 	.EQU __DSTACK_SIZE=0x0100
                 	.EQU __HEAP_SIZE=0x0000
                 	.EQU __CLEAR_SRAM_SIZE=__SRAM_END-__SRAM_START+1
                 
                 	.MACRO __CPD1N
                 	CPI  R30,LOW(@0)
                 	LDI  R26,HIGH(@0)
                 	CPC  R31,R26
                 	LDI  R26,BYTE3(@0)
                 	CPC  R22,R26
                 	LDI  R26,BYTE4(@0)
                 	CPC  R23,R26
                 	.ENDM
                 
                 	.MACRO __CPD2N
                 	CPI  R26,LOW(@0)
                 	LDI  R30,HIGH(@0)
                 	CPC  R27,R30
                 	LDI  R30,BYTE3(@0)
                 	CPC  R24,R30
                 	LDI  R30,BYTE4(@0)
                 	CPC  R25,R30
                 	.ENDM
                 
                 	.MACRO __CPWRR
                 	CP   R@0,R@2
                 	CPC  R@1,R@3
                 	.ENDM
                 
                 	.MACRO __CPWRN
                 	CPI  R@0,LOW(@2)
                 	LDI  R30,HIGH(@2)
                 	CPC  R@1,R30
                 	.ENDM
                 
                 	.MACRO __ADDB1MN
                 	SUBI R30,LOW(-@0-(@1))
                 	.ENDM
                 
                 	.MACRO __ADDB2MN
                 	SUBI R26,LOW(-@0-(@1))
                 	.ENDM
                 
                 	.MACRO __ADDW1MN
                 	SUBI R30,LOW(-@0-(@1))
                 	SBCI R31,HIGH(-@0-(@1))
                 	.ENDM
                 
                 	.MACRO __ADDW2MN
                 	SUBI R26,LOW(-@0-(@1))
                 	SBCI R27,HIGH(-@0-(@1))
                 	.ENDM
                 
                 	.MACRO __ADDW1FN
                 	SUBI R30,LOW(-2*@0-(@1))
                 	SBCI R31,HIGH(-2*@0-(@1))
                 	.ENDM
                 
                 	.MACRO __ADDD1FN
                 	SUBI R30,LOW(-2*@0-(@1))
                 	SBCI R31,HIGH(-2*@0-(@1))
                 	SBCI R22,BYTE3(-2*@0-(@1))
                 	.ENDM
                 
                 	.MACRO __ADDD1N
                 	SUBI R30,LOW(-@0)
                 	SBCI R31,HIGH(-@0)
                 	SBCI R22,BYTE3(-@0)
                 	SBCI R23,BYTE4(-@0)
                 	.ENDM
                 
                 	.MACRO __ADDD2N
                 	SUBI R26,LOW(-@0)
                 	SBCI R27,HIGH(-@0)
                 	SBCI R24,BYTE3(-@0)
                 	SBCI R25,BYTE4(-@0)
                 	.ENDM
                 
                 	.MACRO __SUBD1N
                 	SUBI R30,LOW(@0)
                 	SBCI R31,HIGH(@0)
                 	SBCI R22,BYTE3(@0)
                 	SBCI R23,BYTE4(@0)
                 	.ENDM
                 
                 	.MACRO __SUBD2N
                 	SUBI R26,LOW(@0)
                 	SBCI R27,HIGH(@0)
                 	SBCI R24,BYTE3(@0)
                 	SBCI R25,BYTE4(@0)
                 	.ENDM
                 
                 	.MACRO __ANDBMNN
                 	LDS  R30,@0+(@1)
                 	ANDI R30,LOW(@2)
                 	STS  @0+(@1),R30
                 	.ENDM
                 
                 	.MACRO __ANDWMNN
                 	LDS  R30,@0+(@1)
                 	ANDI R30,LOW(@2)
                 	STS  @0+(@1),R30
                 	LDS  R30,@0+(@1)+1
                 	ANDI R30,HIGH(@2)
                 	STS  @0+(@1)+1,R30
                 	.ENDM
                 
                 	.MACRO __ANDD1N
                 	ANDI R30,LOW(@0)
                 	ANDI R31,HIGH(@0)
                 	ANDI R22,BYTE3(@0)
                 	ANDI R23,BYTE4(@0)
                 	.ENDM
                 
                 	.MACRO __ANDD2N
                 	ANDI R26,LOW(@0)
                 	ANDI R27,HIGH(@0)
                 	ANDI R24,BYTE3(@0)
                 	ANDI R25,BYTE4(@0)
                 	.ENDM
                 
                 	.MACRO __ORBMNN
                 	LDS  R30,@0+(@1)
                 	ORI  R30,LOW(@2)
                 	STS  @0+(@1),R30
                 	.ENDM
                 
                 	.MACRO __ORWMNN
                 	LDS  R30,@0+(@1)
                 	ORI  R30,LOW(@2)
                 	STS  @0+(@1),R30
                 	LDS  R30,@0+(@1)+1
                 	ORI  R30,HIGH(@2)
                 	STS  @0+(@1)+1,R30
                 	.ENDM
                 
                 	.MACRO __ORD1N
                 	ORI  R30,LOW(@0)
                 	ORI  R31,HIGH(@0)
                 	ORI  R22,BYTE3(@0)
                 	ORI  R23,BYTE4(@0)
                 	.ENDM
                 
                 	.MACRO __ORD2N
                 	ORI  R26,LOW(@0)
                 	ORI  R27,HIGH(@0)
                 	ORI  R24,BYTE3(@0)
                 	ORI  R25,BYTE4(@0)
                 	.ENDM
                 
                 	.MACRO __DELAY_USB
                 	LDI  R24,LOW(@0)
                 __DELAY_USB_LOOP:
                 	DEC  R24
                 	BRNE __DELAY_USB_LOOP
                 	.ENDM
                 
                 	.MACRO __DELAY_USW
                 	LDI  R24,LOW(@0)
                 	LDI  R25,HIGH(@0)
                 __DELAY_USW_LOOP:
                 	SBIW R24,1
                 	BRNE __DELAY_USW_LOOP
                 	.ENDM
                 
                 	.MACRO __GETD1S
                 	LDD  R30,Y+@0
                 	LDD  R31,Y+@0+1
                 	LDD  R22,Y+@0+2
                 	LDD  R23,Y+@0+3
                 	.ENDM
                 
                 	.MACRO __GETD2S
                 	LDD  R26,Y+@0
                 	LDD  R27,Y+@0+1
                 	LDD  R24,Y+@0+2
                 	LDD  R25,Y+@0+3
                 	.ENDM
                 
                 	.MACRO __PUTD1S
                 	STD  Y+@0,R30
                 	STD  Y+@0+1,R31
                 	STD  Y+@0+2,R22
                 	STD  Y+@0+3,R23
                 	.ENDM
                 
                 	.MACRO __PUTD2S
                 	STD  Y+@0,R26
                 	STD  Y+@0+1,R27
                 	STD  Y+@0+2,R24
                 	STD  Y+@0+3,R25
                 	.ENDM
                 
                 	.MACRO __PUTDZ2
                 	STD  Z+@0,R26
                 	STD  Z+@0+1,R27
                 	STD  Z+@0+2,R24
                 	STD  Z+@0+3,R25
                 	.ENDM
                 
                 	.MACRO __CLRD1S
                 	STD  Y+@0,R30
                 	STD  Y+@0+1,R30
                 	STD  Y+@0+2,R30
                 	STD  Y+@0+3,R30
                 	.ENDM
                 
                 	.MACRO __POINTB1MN
                 	LDI  R30,LOW(@0+(@1))
                 	.ENDM
                 
                 	.MACRO __POINTW1MN
                 	LDI  R30,LOW(@0+(@1))
                 	LDI  R31,HIGH(@0+(@1))
                 	.ENDM
                 
                 	.MACRO __POINTD1M
                 	LDI  R30,LOW(@0)
                 	LDI  R31,HIGH(@0)
                 	LDI  R22,BYTE3(@0)
                 	LDI  R23,BYTE4(@0)
                 	.ENDM
                 
                 	.MACRO __POINTW1FN
                 	LDI  R30,LOW(2*@0+(@1))
                 	LDI  R31,HIGH(2*@0+(@1))
                 	.ENDM
                 
                 	.MACRO __POINTD1FN
                 	LDI  R30,LOW(2*@0+(@1))
                 	LDI  R31,HIGH(2*@0+(@1))
                 	LDI  R22,BYTE3(2*@0+(@1))
                 	LDI  R23,BYTE4(2*@0+(@1))
                 	.ENDM
                 
                 	.MACRO __POINTB2MN
                 	LDI  R26,LOW(@0+(@1))
                 	.ENDM
                 
                 	.MACRO __POINTW2MN
                 	LDI  R26,LOW(@0+(@1))
                 	LDI  R27,HIGH(@0+(@1))
                 	.ENDM
                 
                 	.MACRO __POINTW2FN
                 	LDI  R26,LOW(2*@0+(@1))
                 	LDI  R27,HIGH(2*@0+(@1))
                 	.ENDM
                 
                 	.MACRO __POINTD2FN
                 	LDI  R26,LOW(2*@0+(@1))
                 	LDI  R27,HIGH(2*@0+(@1))
                 	LDI  R24,BYTE3(2*@0+(@1))
                 	LDI  R25,BYTE4(2*@0+(@1))
                 	.ENDM
                 
                 	.MACRO __POINTBRM
                 	LDI  R@0,LOW(@1)
                 	.ENDM
                 
                 	.MACRO __POINTWRM
                 	LDI  R@0,LOW(@2)
                 	LDI  R@1,HIGH(@2)
                 	.ENDM
                 
                 	.MACRO __POINTBRMN
                 	LDI  R@0,LOW(@1+(@2))
                 	.ENDM
                 
                 	.MACRO __POINTWRMN
                 	LDI  R@0,LOW(@2+(@3))
                 	LDI  R@1,HIGH(@2+(@3))
                 	.ENDM
                 
                 	.MACRO __POINTWRFN
                 	LDI  R@0,LOW(@2*2+(@3))
                 	LDI  R@1,HIGH(@2*2+(@3))
                 	.ENDM
                 
                 	.MACRO __GETD1N
                 	LDI  R30,LOW(@0)
                 	LDI  R31,HIGH(@0)
                 	LDI  R22,BYTE3(@0)
                 	LDI  R23,BYTE4(@0)
                 	.ENDM
                 
                 	.MACRO __GETD2N
                 	LDI  R26,LOW(@0)
                 	LDI  R27,HIGH(@0)
                 	LDI  R24,BYTE3(@0)
                 	LDI  R25,BYTE4(@0)
                 	.ENDM
                 
                 	.MACRO __GETB1MN
                 	LDS  R30,@0+(@1)
                 	.ENDM
                 
                 	.MACRO __GETB1HMN
                 	LDS  R31,@0+(@1)
                 	.ENDM
                 
                 	.MACRO __GETW1MN
                 	LDS  R30,@0+(@1)
                 	LDS  R31,@0+(@1)+1
                 	.ENDM
                 
                 	.MACRO __GETD1MN
                 	LDS  R30,@0+(@1)
                 	LDS  R31,@0+(@1)+1
                 	LDS  R22,@0+(@1)+2
                 	LDS  R23,@0+(@1)+3
                 	.ENDM
                 
                 	.MACRO __GETBRMN
                 	LDS  R@0,@1+(@2)
                 	.ENDM
                 
                 	.MACRO __GETWRMN
                 	LDS  R@0,@2+(@3)
                 	LDS  R@1,@2+(@3)+1
                 	.ENDM
                 
                 	.MACRO __GETWRZ
                 	LDD  R@0,Z+@2
                 	LDD  R@1,Z+@2+1
                 	.ENDM
                 
                 	.MACRO __GETD2Z
                 	LDD  R26,Z+@0
                 	LDD  R27,Z+@0+1
                 	LDD  R24,Z+@0+2
                 	LDD  R25,Z+@0+3
                 	.ENDM
                 
                 	.MACRO __GETB2MN
                 	LDS  R26,@0+(@1)
                 	.ENDM
                 
                 	.MACRO __GETW2MN
                 	LDS  R26,@0+(@1)
                 	LDS  R27,@0+(@1)+1
                 	.ENDM
                 
                 	.MACRO __GETD2MN
                 	LDS  R26,@0+(@1)
                 	LDS  R27,@0+(@1)+1
                 	LDS  R24,@0+(@1)+2
                 	LDS  R25,@0+(@1)+3
                 	.ENDM
                 
                 	.MACRO __PUTB1MN
                 	STS  @0+(@1),R30
                 	.ENDM
                 
                 	.MACRO __PUTW1MN
                 	STS  @0+(@1),R30
                 	STS  @0+(@1)+1,R31
                 	.ENDM
                 
                 	.MACRO __PUTD1MN
                 	STS  @0+(@1),R30
                 	STS  @0+(@1)+1,R31
                 	STS  @0+(@1)+2,R22
                 	STS  @0+(@1)+3,R23
                 	.ENDM
                 
                 	.MACRO __PUTB1EN
                 	LDI  R26,LOW(@0+(@1))
                 	LDI  R27,HIGH(@0+(@1))
                 	RCALL __EEPROMWRB
                 	.ENDM
                 
                 	.MACRO __PUTW1EN
                 	LDI  R26,LOW(@0+(@1))
                 	LDI  R27,HIGH(@0+(@1))
                 	RCALL __EEPROMWRW
                 	.ENDM
                 
                 	.MACRO __PUTD1EN
                 	LDI  R26,LOW(@0+(@1))
                 	LDI  R27,HIGH(@0+(@1))
                 	RCALL __EEPROMWRD
                 	.ENDM
                 
                 	.MACRO __PUTBR0MN
                 	STS  @0+(@1),R0
                 	.ENDM
                 
                 	.MACRO __PUTBMRN
                 	STS  @0+(@1),R@2
                 	.ENDM
                 
                 	.MACRO __PUTWMRN
                 	STS  @0+(@1),R@2
                 	STS  @0+(@1)+1,R@3
                 	.ENDM
                 
                 	.MACRO __PUTBZR
                 	STD  Z+@1,R@0
                 	.ENDM
                 
                 	.MACRO __PUTWZR
                 	STD  Z+@2,R@0
                 	STD  Z+@2+1,R@1
                 	.ENDM
                 
                 	.MACRO __GETW1R
                 	MOV  R30,R@0
                 	MOV  R31,R@1
                 	.ENDM
                 
                 	.MACRO __GETW2R
                 	MOV  R26,R@0
                 	MOV  R27,R@1
                 	.ENDM
                 
                 	.MACRO __GETWRN
                 	LDI  R@0,LOW(@2)
                 	LDI  R@1,HIGH(@2)
                 	.ENDM
                 
                 	.MACRO __PUTW1R
                 	MOV  R@0,R30
                 	MOV  R@1,R31
                 	.ENDM
                 
                 	.MACRO __PUTW2R
                 	MOV  R@0,R26
                 	MOV  R@1,R27
                 	.ENDM
                 
                 	.MACRO __ADDWRN
                 	SUBI R@0,LOW(-@2)
                 	SBCI R@1,HIGH(-@2)
                 	.ENDM
                 
                 	.MACRO __ADDWRR
                 	ADD  R@0,R@2
                 	ADC  R@1,R@3
                 	.ENDM
                 
                 	.MACRO __SUBWRN
                 	SUBI R@0,LOW(@2)
                 	SBCI R@1,HIGH(@2)
                 	.ENDM
                 
                 	.MACRO __SUBWRR
                 	SUB  R@0,R@2
                 	SBC  R@1,R@3
                 	.ENDM
                 
                 	.MACRO __ANDWRN
                 	ANDI R@0,LOW(@2)
                 	ANDI R@1,HIGH(@2)
                 	.ENDM
                 
                 	.MACRO __ANDWRR
                 	AND  R@0,R@2
                 	AND  R@1,R@3
                 	.ENDM
                 
                 	.MACRO __ORWRN
                 	ORI  R@0,LOW(@2)
                 	ORI  R@1,HIGH(@2)
                 	.ENDM
                 
                 	.MACRO __ORWRR
                 	OR   R@0,R@2
                 	OR   R@1,R@3
                 	.ENDM
                 
                 	.MACRO __EORWRR
                 	EOR  R@0,R@2
                 	EOR  R@1,R@3
                 	.ENDM
                 
                 	.MACRO __GETWRS
                 	LDD  R@0,Y+@2
                 	LDD  R@1,Y+@2+1
                 	.ENDM
                 
                 	.MACRO __PUTBSR
                 	STD  Y+@1,R@0
                 	.ENDM
                 
                 	.MACRO __PUTWSR
                 	STD  Y+@2,R@0
                 	STD  Y+@2+1,R@1
                 	.ENDM
                 
                 	.MACRO __MOVEWRR
                 	MOV  R@0,R@2
                 	MOV  R@1,R@3
                 	.ENDM
                 
                 	.MACRO __INWR
                 	IN   R@0,@2
                 	IN   R@1,@2+1
                 	.ENDM
                 
                 	.MACRO __OUTWR
                 	OUT  @2+1,R@1
                 	OUT  @2,R@0
                 	.ENDM
                 
                 	.MACRO __CALL1MN
                 	LDS  R30,@0+(@1)
                 	LDS  R31,@0+(@1)+1
                 	ICALL
                 	.ENDM
                 
                 	.MACRO __CALL1FN
                 	LDI  R30,LOW(2*@0+(@1))
                 	LDI  R31,HIGH(2*@0+(@1))
                 	RCALL __GETW1PF
                 	ICALL
                 	.ENDM
                 
                 	.MACRO __CALL2EN
                 	PUSH R26
                 	PUSH R27
                 	LDI  R26,LOW(@0+(@1))
                 	LDI  R27,HIGH(@0+(@1))
                 	RCALL __EEPROMRDW
                 	POP  R27
                 	POP  R26
                 	ICALL
                 	.ENDM
                 
                 	.MACRO __CALL2EX
                 	SUBI R26,LOW(-@0)
                 	SBCI R27,HIGH(-@0)
                 	RCALL __EEPROMRDD
                 	ICALL
                 	.ENDM
                 
                 	.MACRO __GETW1STACK
                 	IN   R30,SPL
                 	IN   R31,SPH
                 	ADIW R30,@0+1
                 	LD   R0,Z+
                 	LD   R31,Z
                 	MOV  R30,R0
                 	.ENDM
                 
                 	.MACRO __GETD1STACK
                 	IN   R30,SPL
                 	IN   R31,SPH
                 	ADIW R30,@0+1
                 	LD   R0,Z+
                 	LD   R1,Z+
                 	LD   R22,Z
                 	MOVW R30,R0
                 	.ENDM
                 
                 	.MACRO __NBST
                 	BST  R@0,@1
                 	IN   R30,SREG
                 	LDI  R31,0x40
                 	EOR  R30,R31
                 	OUT  SREG,R30
                 	.ENDM
                 
                 
                 	.MACRO __PUTB1SN
                 	LDD  R26,Y+@0
                 	LDD  R27,Y+@0+1
                 	SUBI R26,LOW(-@1)
                 	SBCI R27,HIGH(-@1)
                 	ST   X,R30
                 	.ENDM
                 
                 	.MACRO __PUTW1SN
                 	LDD  R26,Y+@0
                 	LDD  R27,Y+@0+1
                 	SUBI R26,LOW(-@1)
                 	SBCI R27,HIGH(-@1)
                 	ST   X+,R30
                 	ST   X,R31
                 	.ENDM
                 
                 	.MACRO __PUTD1SN
                 	LDD  R26,Y+@0
                 	LDD  R27,Y+@0+1
                 	SUBI R26,LOW(-@1)
                 	SBCI R27,HIGH(-@1)
                 	RCALL __PUTDP1
                 	.ENDM
                 
                 	.MACRO __PUTB1SNS
                 	LDD  R26,Y+@0
                 	LDD  R27,Y+@0+1
                 	ADIW R26,@1
                 	ST   X,R30
                 	.ENDM
                 
                 	.MACRO __PUTW1SNS
                 	LDD  R26,Y+@0
                 	LDD  R27,Y+@0+1
                 	ADIW R26,@1
                 	ST   X+,R30
                 	ST   X,R31
                 	.ENDM
                 
                 	.MACRO __PUTD1SNS
                 	LDD  R26,Y+@0
                 	LDD  R27,Y+@0+1
                 	ADIW R26,@1
                 	RCALL __PUTDP1
                 	.ENDM
                 
                 	.MACRO __PUTB1PMN
                 	LDS  R26,@0
                 	LDS  R27,@0+1
                 	SUBI R26,LOW(-@1)
                 	SBCI R27,HIGH(-@1)
                 	ST   X,R30
                 	.ENDM
                 
                 	.MACRO __PUTW1PMN
                 	LDS  R26,@0
                 	LDS  R27,@0+1
                 	SUBI R26,LOW(-@1)
                 	SBCI R27,HIGH(-@1)
                 	ST   X+,R30
                 	ST   X,R31
                 	.ENDM
                 
                 	.MACRO __PUTD1PMN
                 	LDS  R26,@0
                 	LDS  R27,@0+1
                 	SUBI R26,LOW(-@1)
                 	SBCI R27,HIGH(-@1)
                 	RCALL __PUTDP1
                 	.ENDM
                 
                 	.MACRO __PUTB1PMNS
                 	LDS  R26,@0
                 	LDS  R27,@0+1
                 	ADIW R26,@1
                 	ST   X,R30
                 	.ENDM
                 
                 	.MACRO __PUTW1PMNS
                 	LDS  R26,@0
                 	LDS  R27,@0+1
                 	ADIW R26,@1
                 	ST   X+,R30
                 	ST   X,R31
                 	.ENDM
                 
                 	.MACRO __PUTD1PMNS
                 	LDS  R26,@0
                 	LDS  R27,@0+1
                 	ADIW R26,@1
                 	RCALL __PUTDP1
                 	.ENDM
                 
                 	.MACRO __PUTB1RN
                 	MOVW R26,R@0
                 	SUBI R26,LOW(-@1)
                 	SBCI R27,HIGH(-@1)
                 	ST   X,R30
                 	.ENDM
                 
                 	.MACRO __PUTW1RN
                 	MOVW R26,R@0
                 	SUBI R26,LOW(-@1)
                 	SBCI R27,HIGH(-@1)
                 	ST   X+,R30
                 	ST   X,R31
                 	.ENDM
                 
                 	.MACRO __PUTD1RN
                 	MOVW R26,R@0
                 	SUBI R26,LOW(-@1)
                 	SBCI R27,HIGH(-@1)
                 	RCALL __PUTDP1
                 	.ENDM
                 
                 	.MACRO __PUTB1RNS
                 	MOVW R26,R@0
                 	ADIW R26,@1
                 	ST   X,R30
                 	.ENDM
                 
                 	.MACRO __PUTW1RNS
                 	MOVW R26,R@0
                 	ADIW R26,@1
                 	ST   X+,R30
                 	ST   X,R31
                 	.ENDM
                 
                 	.MACRO __PUTD1RNS
                 	MOVW R26,R@0
                 	ADIW R26,@1
                 	RCALL __PUTDP1
                 	.ENDM
                 
                 	.MACRO __PUTB1RON
                 	MOV  R26,R@0
                 	MOV  R27,R@1
                 	SUBI R26,LOW(-@2)
                 	SBCI R27,HIGH(-@2)
                 	ST   X,R30
                 	.ENDM
                 
                 	.MACRO __PUTW1RON
                 	MOV  R26,R@0
                 	MOV  R27,R@1
                 	SUBI R26,LOW(-@2)
                 	SBCI R27,HIGH(-@2)
                 	ST   X+,R30
                 	ST   X,R31
                 	.ENDM
                 
                 	.MACRO __PUTD1RON
                 	MOV  R26,R@0
                 	MOV  R27,R@1
                 	SUBI R26,LOW(-@2)
                 	SBCI R27,HIGH(-@2)
                 	RCALL __PUTDP1
                 	.ENDM
                 
                 	.MACRO __PUTB1RONS
                 	MOV  R26,R@0
                 	MOV  R27,R@1
                 	ADIW R26,@2
                 	ST   X,R30
                 	.ENDM
                 
                 	.MACRO __PUTW1RONS
                 	MOV  R26,R@0
                 	MOV  R27,R@1
                 	ADIW R26,@2
                 	ST   X+,R30
                 	ST   X,R31
                 	.ENDM
                 
                 	.MACRO __PUTD1RONS
                 	MOV  R26,R@0
                 	MOV  R27,R@1
                 	ADIW R26,@2
                 	RCALL __PUTDP1
                 	.ENDM
                 
                 
                 	.MACRO __GETB1SX
                 	MOVW R30,R28
                 	SUBI R30,LOW(-@0)
                 	SBCI R31,HIGH(-@0)
                 	LD   R30,Z
                 	.ENDM
                 
                 	.MACRO __GETB1HSX
                 	MOVW R30,R28
                 	SUBI R30,LOW(-@0)
                 	SBCI R31,HIGH(-@0)
                 	LD   R31,Z
                 	.ENDM
                 
                 	.MACRO __GETW1SX
                 	MOVW R30,R28
                 	SUBI R30,LOW(-@0)
                 	SBCI R31,HIGH(-@0)
                 	LD   R0,Z+
                 	LD   R31,Z
                 	MOV  R30,R0
                 	.ENDM
                 
                 	.MACRO __GETD1SX
                 	MOVW R30,R28
                 	SUBI R30,LOW(-@0)
                 	SBCI R31,HIGH(-@0)
                 	LD   R0,Z+
                 	LD   R1,Z+
                 	LD   R22,Z+
                 	LD   R23,Z
                 	MOVW R30,R0
                 	.ENDM
                 
                 	.MACRO __GETB2SX
                 	MOVW R26,R28
                 	SUBI R26,LOW(-@0)
                 	SBCI R27,HIGH(-@0)
                 	LD   R26,X
                 	.ENDM
                 
                 	.MACRO __GETW2SX
                 	MOVW R26,R28
                 	SUBI R26,LOW(-@0)
                 	SBCI R27,HIGH(-@0)
                 	LD   R0,X+
                 	LD   R27,X
                 	MOV  R26,R0
                 	.ENDM
                 
                 	.MACRO __GETD2SX
                 	MOVW R26,R28
                 	SUBI R26,LOW(-@0)
                 	SBCI R27,HIGH(-@0)
                 	LD   R0,X+
                 	LD   R1,X+
                 	LD   R24,X+
                 	LD   R25,X
                 	MOVW R26,R0
                 	.ENDM
                 
                 	.MACRO __GETBRSX
                 	MOVW R30,R28
                 	SUBI R30,LOW(-@1)
                 	SBCI R31,HIGH(-@1)
                 	LD   R@0,Z
                 	.ENDM
                 
                 	.MACRO __GETWRSX
                 	MOVW R30,R28
                 	SUBI R30,LOW(-@2)
                 	SBCI R31,HIGH(-@2)
                 	LD   R@0,Z+
                 	LD   R@1,Z
                 	.ENDM
                 
                 	.MACRO __GETBRSX2
                 	MOVW R26,R28
                 	SUBI R26,LOW(-@1)
                 	SBCI R27,HIGH(-@1)
                 	LD   R@0,X
                 	.ENDM
                 
                 	.MACRO __GETWRSX2
                 	MOVW R26,R28
                 	SUBI R26,LOW(-@2)
                 	SBCI R27,HIGH(-@2)
                 	LD   R@0,X+
                 	LD   R@1,X
                 	.ENDM
                 
                 	.MACRO __LSLW8SX
                 	MOVW R30,R28
                 	SUBI R30,LOW(-@0)
                 	SBCI R31,HIGH(-@0)
                 	LD   R31,Z
                 	CLR  R30
                 	.ENDM
                 
                 	.MACRO __PUTB1SX
                 	MOVW R26,R28
                 	SUBI R26,LOW(-@0)
                 	SBCI R27,HIGH(-@0)
                 	ST   X,R30
                 	.ENDM
                 
                 	.MACRO __PUTW1SX
                 	MOVW R26,R28
                 	SUBI R26,LOW(-@0)
                 	SBCI R27,HIGH(-@0)
                 	ST   X+,R30
                 	ST   X,R31
                 	.ENDM
                 
                 	.MACRO __PUTD1SX
                 	MOVW R26,R28
                 	SUBI R26,LOW(-@0)
                 	SBCI R27,HIGH(-@0)
                 	ST   X+,R30
                 	ST   X+,R31
                 	ST   X+,R22
                 	ST   X,R23
                 	.ENDM
                 
                 	.MACRO __CLRW1SX
                 	MOVW R26,R28
                 	SUBI R26,LOW(-@0)
                 	SBCI R27,HIGH(-@0)
                 	ST   X+,R30
                 	ST   X,R30
                 	.ENDM
                 
                 	.MACRO __CLRD1SX
                 	MOVW R26,R28
                 	SUBI R26,LOW(-@0)
                 	SBCI R27,HIGH(-@0)
                 	ST   X+,R30
                 	ST   X+,R30
                 	ST   X+,R30
                 	ST   X,R30
                 	.ENDM
                 
                 	.MACRO __PUTB2SX
                 	MOVW R30,R28
                 	SUBI R30,LOW(-@0)
                 	SBCI R31,HIGH(-@0)
                 	ST   Z,R26
                 	.ENDM
                 
                 	.MACRO __PUTW2SX
                 	MOVW R30,R28
                 	SUBI R30,LOW(-@0)
                 	SBCI R31,HIGH(-@0)
                 	ST   Z+,R26
                 	ST   Z,R27
                 	.ENDM
                 
                 	.MACRO __PUTD2SX
                 	MOVW R30,R28
                 	SUBI R30,LOW(-@0)
                 	SBCI R31,HIGH(-@0)
                 	ST   Z+,R26
                 	ST   Z+,R27
                 	ST   Z+,R24
                 	ST   Z,R25
                 	.ENDM
                 
                 	.MACRO __PUTBSRX
                 	MOVW R30,R28
                 	SUBI R30,LOW(-@1)
                 	SBCI R31,HIGH(-@1)
                 	ST   Z,R@0
                 	.ENDM
                 
                 	.MACRO __PUTWSRX
                 	MOVW R30,R28
                 	SUBI R30,LOW(-@2)
                 	SBCI R31,HIGH(-@2)
                 	ST   Z+,R@0
                 	ST   Z,R@1
                 	.ENDM
                 
                 	.MACRO __PUTB1SNX
                 	MOVW R26,R28
                 	SUBI R26,LOW(-@0)
                 	SBCI R27,HIGH(-@0)
                 	LD   R0,X+
                 	LD   R27,X
                 	MOV  R26,R0
                 	SUBI R26,LOW(-@1)
                 	SBCI R27,HIGH(-@1)
                 	ST   X,R30
                 	.ENDM
                 
                 	.MACRO __PUTW1SNX
                 	MOVW R26,R28
                 	SUBI R26,LOW(-@0)
                 	SBCI R27,HIGH(-@0)
                 	LD   R0,X+
                 	LD   R27,X
                 	MOV  R26,R0
                 	SUBI R26,LOW(-@1)
                 	SBCI R27,HIGH(-@1)
                 	ST   X+,R30
                 	ST   X,R31
                 	.ENDM
                 
                 	.MACRO __PUTD1SNX
                 	MOVW R26,R28
                 	SUBI R26,LOW(-@0)
                 	SBCI R27,HIGH(-@0)
                 	LD   R0,X+
                 	LD   R27,X
                 	MOV  R26,R0
                 	SUBI R26,LOW(-@1)
                 	SBCI R27,HIGH(-@1)
                 	ST   X+,R30
                 	ST   X+,R31
                 	ST   X+,R22
                 	ST   X,R23
                 	.ENDM
                 
                 	.MACRO __MULBRR
                 	MULS R@0,R@1
                 	MOVW R30,R0
                 	.ENDM
                 
                 	.MACRO __MULBRRU
                 	MUL  R@0,R@1
                 	MOVW R30,R0
                 	.ENDM
                 
                 	.MACRO __MULBRR0
                 	MULS R@0,R@1
                 	.ENDM
                 
                 	.MACRO __MULBRRU0
                 	MUL  R@0,R@1
                 	.ENDM
                 
                 	.MACRO __MULBNWRU
                 	LDI  R26,@2
                 	MUL  R26,R@0
                 	MOVW R30,R0
                 	MUL  R26,R@1
                 	ADD  R31,R0
                 	.ENDM
                 
                 	.CSEG
                 	.ORG 0x00
                 
                 ;START OF CODE MARKER
                 __START_OF_CODE:
                 
                 ;INTERRUPT VECTORS
000000 c01b      	RJMP __RESET
000001 cffe      	RJMP 0x00
000002 cffd      	RJMP 0x00
000003 cffc      	RJMP 0x00
000004 cffb      	RJMP 0x00
000005 cffa      	RJMP 0x00
000006 cff9      	RJMP 0x00
000007 cff8      	RJMP 0x00
000008 cff7      	RJMP 0x00
000009 cff6      	RJMP 0x00
00000a cff5      	RJMP 0x00
00000b cff4      	RJMP 0x00
00000c cff3      	RJMP 0x00
00000d cff2      	RJMP 0x00
00000e cff1      	RJMP 0x00
00000f cff0      	RJMP 0x00
000010 cfef      	RJMP 0x00
000011 cfee      	RJMP 0x00
000012 cfed      	RJMP 0x00
                 
                 _tbl10_G100:
000013 2710
000014 03e8
000015 0064
000016 000a      	.DB  0x10,0x27,0xE8,0x3,0x64,0x0,0xA,0x0
000017 0001      	.DB  0x1,0x0
                 _tbl16_G100:
000018 1000
000019 0100
00001a 0010
00001b 0001      	.DB  0x0,0x10,0x0,0x1,0x10,0x0,0x1,0x0
                 
                 __RESET:
00001c 94f8      	CLI
00001d 27ee      	CLR  R30
00001e bbec      	OUT  EECR,R30
                 
                 ;INTERRUPT VECTORS ARE PLACED
                 ;AT THE START OF FLASH
00001f e0f1      	LDI  R31,1
000020 bffb      	OUT  GICR,R31
000021 bfeb      	OUT  GICR,R30
000022 bfe5      	OUT  MCUCR,R30
                 
                 ;DISABLE WATCHDOG
000023 e1f8      	LDI  R31,0x18
000024 bdf1      	OUT  WDTCR,R31
000025 bde1      	OUT  WDTCR,R30
                 
                 ;CLEAR R2-R14
000026 e08d      	LDI  R24,(14-2)+1
000027 e0a2      	LDI  R26,2
000028 27bb      	CLR  R27
                 __CLEAR_REG:
000029 93ed      	ST   X+,R30
00002a 958a      	DEC  R24
00002b f7e9      	BRNE __CLEAR_REG
                 
                 ;CLEAR SRAM
00002c e080      	LDI  R24,LOW(__CLEAR_SRAM_SIZE)
00002d e094      	LDI  R25,HIGH(__CLEAR_SRAM_SIZE)
00002e e6a0      	LDI  R26,__SRAM_START
                 __CLEAR_SRAM:
00002f 93ed      	ST   X+,R30
000030 9701      	SBIW R24,1
000031 f7e9      	BRNE __CLEAR_SRAM
                 
                 ;HARDWARE STACK POINTER INITIALIZATION
000032 e5ef      	LDI  R30,LOW(__SRAM_END-__HEAP_SIZE)
000033 bfed      	OUT  SPL,R30
000034 e0e4      	LDI  R30,HIGH(__SRAM_END-__HEAP_SIZE)
000035 bfee      	OUT  SPH,R30
                 
                 ;DATA STACK POINTER INITIALIZATION
000036 e6c0      	LDI  R28,LOW(__SRAM_START+__DSTACK_SIZE)
000037 e0d1      	LDI  R29,HIGH(__SRAM_START+__DSTACK_SIZE)
                 
000038 c054      	RJMP _main
                 
                 	.ESEG
                 	.ORG 0
                 
                 	.DSEG
                 	.ORG 0x160
                 
                 	.CSEG
                 ;/*****************************************************
                 ;This program was produced by the
                 ;CodeWizardAVR V2.05.0 Professional
                 ;Automatic Program Generator
                 ;© Copyright 1998-2010 Pavel Haiduc, HP InfoTech s.r.l.
                 ;http://www.hpinfotech.com
                 ;
                 ;Project :
                 ;Version :
                 ;Date    : 12/26/2016
                 ;Author  :
                 ;Company :
                 ;Comments:
                 ;
                 ;
                 ;Chip type               : ATmega8
                 ;Program type            : Application
                 ;AVR Core Clock frequency: 8.000000 MHz
                 ;Memory model            : Small
                 ;External RAM size       : 0
                 ;Data Stack size         : 256
                 ;*****************************************************/
                 ;
                 ;#include <mega8.h>
                 	#ifndef __SLEEP_DEFINED__
                 	#define __SLEEP_DEFINED__
                 	.EQU __se_bit=0x80
                 	.EQU __sm_mask=0x70
                 	.EQU __sm_powerdown=0x20
                 	.EQU __sm_powersave=0x30
                 	.EQU __sm_standby=0x60
                 	.EQU __sm_ext_standby=0x70
                 	.EQU __sm_adc_noise_red=0x10
                 	.SET power_ctrl_reg=mcucr
                 	#endif
                 ;#include <delay.h>
                 ;
                 ;// Standard Input/Output functions
                 ;#include <stdio.h>
                 ;
                 ;// Declare your global variables here
                 ;
                 ;void motor(int ML,int MR)
                 ; 0000 0021     {
                 
                 	.CSEG
                 _motor:
                 ; .FSTART _motor
                 ; 0000 0022     if(ML>=255)       ML=255;
000039 93ba      	ST   -Y,R27
00003a 93aa      	ST   -Y,R26
                 ;	ML -> Y+2
                 ;	MR -> Y+0
00003b 81aa      	LDD  R26,Y+2
00003c 81bb      	LDD  R27,Y+2+1
00003d 3faf      	CPI  R26,LOW(0xFF)
00003e e0e0      	LDI  R30,HIGH(0xFF)
00003f 07be      	CPC  R27,R30
000040 f014      	BRLT _0x3
000041 d0ae      	RCALL SUBOPT_0x0
000042 c007      	RJMP _0x36
                 ; 0000 0023     else if(ML<=-255) ML=-255;
                 _0x3:
000043 81aa      	LDD  R26,Y+2
000044 81bb      	LDD  R27,Y+2+1
000045 d0ad      	RCALL SUBOPT_0x1
000046 17ea      	CP   R30,R26
000047 07fb      	CPC  R31,R27
000048 f01c      	BRLT _0x5
000049 d0a9      	RCALL SUBOPT_0x1
                 _0x36:
00004a 83ea      	STD  Y+2,R30
00004b 83fb      	STD  Y+2+1,R31
                 ; 0000 0024     if(MR>=255)       MR=255;
                 _0x5:
00004c 81a8      	LD   R26,Y
00004d 81b9      	LDD  R27,Y+1
00004e 3faf      	CPI  R26,LOW(0xFF)
00004f e0e0      	LDI  R30,HIGH(0xFF)
000050 07be      	CPC  R27,R30
000051 f014      	BRLT _0x6
000052 d09d      	RCALL SUBOPT_0x0
000053 c007      	RJMP _0x37
                 ; 0000 0025     else if(MR<=-255) MR=-255;
                 _0x6:
000054 81a8      	LD   R26,Y
000055 81b9      	LDD  R27,Y+1
000056 d09c      	RCALL SUBOPT_0x1
000057 17ea      	CP   R30,R26
000058 07fb      	CPC  R31,R27
000059 f01c      	BRLT _0x8
00005a d098      	RCALL SUBOPT_0x1
                 _0x37:
00005b 83e8      	ST   Y,R30
00005c 83f9      	STD  Y+1,R31
                 ; 0000 0026     if(ML>0)
                 _0x8:
00005d 81aa      	LDD  R26,Y+2
00005e 81bb      	LDD  R27,Y+2+1
00005f d09f      	RCALL __CPW02
000060 f42c      	BRGE _0x9
                 ; 0000 0027         {
                 ; 0000 0028         ////////////////////ML
                 ; 0000 0029         PORTB.5=1;
000061 9ac5      	SBI  0x18,5
                 ; 0000 002A         PORTB.0=0;
000062 98c0      	CBI  0x18,0
                 ; 0000 002B         OCR1A=ML;
000063 81ea      	LDD  R30,Y+2
000064 81fb      	LDD  R31,Y+2+1
000065 c00c      	RJMP _0x38
                 ; 0000 002C         }
                 ; 0000 002D     else if(ML<0)
                 _0x9:
000066 81ab      	LDD  R26,Y+3
000067 23aa      	TST  R26
000068 f432      	BRPL _0xF
                 ; 0000 002E         {
                 ; 0000 002F         ////////////////////ML
                 ; 0000 0030         PORTB.5=0;
000069 98c5      	CBI  0x18,5
                 ; 0000 0031         PORTB.0=1;
00006a 9ac0      	SBI  0x18,0
                 ; 0000 0032         OCR1A=-ML;
00006b 81ea      	LDD  R30,Y+2
00006c 81fb      	LDD  R31,Y+2+1
00006d d08d      	RCALL __ANEGW1
00006e c003      	RJMP _0x38
                 ; 0000 0033         }
                 ; 0000 0034     else
                 _0xF:
                 ; 0000 0035         {
                 ; 0000 0036         ////////////////////ML
                 ; 0000 0037         PORTB.5=1;
00006f 9ac5      	SBI  0x18,5
                 ; 0000 0038         PORTB.0=1;
000070 9ac0      	SBI  0x18,0
                 ; 0000 0039         OCR1A=255;
000071 d07e      	RCALL SUBOPT_0x0
                 _0x38:
000072 bdfb      	OUT  0x2A+1,R31
000073 bdea      	OUT  0x2A,R30
                 ; 0000 003A         }
                 ; 0000 003B     if(MR>0)
000074 81a8      	LD   R26,Y
000075 81b9      	LDD  R27,Y+1
000076 d088      	RCALL __CPW02
000077 f42c      	BRGE _0x19
                 ; 0000 003C         {
                 ; 0000 003D         ////////////////////MR
                 ; 0000 003E         PORTB.6=1;
000078 9ac6      	SBI  0x18,6
                 ; 0000 003F         PORTB.7=0;
000079 98c7      	CBI  0x18,7
                 ; 0000 0040         OCR1B=MR;
00007a 81e8      	LD   R30,Y
00007b 81f9      	LDD  R31,Y+1
00007c c00c      	RJMP _0x39
                 ; 0000 0041         }
                 ; 0000 0042     else if(MR<0)
                 _0x19:
00007d 81a9      	LDD  R26,Y+1
00007e 23aa      	TST  R26
00007f f432      	BRPL _0x1F
                 ; 0000 0043         {
                 ; 0000 0044         ////////////////////MR
                 ; 0000 0045         PORTB.6=0;
000080 98c6      	CBI  0x18,6
                 ; 0000 0046         PORTB.7=1;
000081 9ac7      	SBI  0x18,7
                 ; 0000 0047         OCR1B=-MR;
000082 81e8      	LD   R30,Y
000083 81f9      	LDD  R31,Y+1
000084 d076      	RCALL __ANEGW1
000085 c003      	RJMP _0x39
                 ; 0000 0048         }
                 ; 0000 0049     else
                 _0x1F:
                 ; 0000 004A         {
                 ; 0000 004B         ////////////////////MR
                 ; 0000 004C         PORTB.6=1;
000086 9ac6      	SBI  0x18,6
                 ; 0000 004D         PORTB.7=1;
000087 9ac7      	SBI  0x18,7
                 ; 0000 004E         OCR1B=255;
000088 d067      	RCALL SUBOPT_0x0
                 _0x39:
000089 bdf9      	OUT  0x28+1,R31
00008a bde8      	OUT  0x28,R30
                 ; 0000 004F         }
                 ; 0000 0050     }
00008b 9624      	ADIW R28,4
00008c 9508      	RET
                 ; .FEND
                 ;
                 ;void main(void)
                 ; 0000 0053 {
                 _main:
                 ; .FSTART _main
                 ; 0000 0054 // Declare your local variables here
                 ; 0000 0055 unsigned char buffer[200];
                 ; 0000 0056 int cnt=0;
                 ; 0000 0057 // Input/Output Ports initialization
                 ; 0000 0058 // Port B initialization
                 ; 0000 0059 // Func7=Out Func6=Out Func5=Out Func4=Out Func3=Out Func2=Out Func1=Out Func0=Out
                 ; 0000 005A // State7=0 State6=0 State5=0 State4=0 State3=0 State2=0 State1=0 State0=0
                 ; 0000 005B PORTB=0x00;
00008d 97ef      	SBIW R28,63
00008e 97ef      	SBIW R28,63
00008f 97ef      	SBIW R28,63
000090 972b      	SBIW R28,11
                 ;	buffer -> Y+0
                 ;	cnt -> R16,R17
                +
000091 e000     +LDI R16 , LOW ( 0 )
000092 e010     +LDI R17 , HIGH ( 0 )
                 	__GETWRN 16,17,0
000093 e0e0      	LDI  R30,LOW(0)
000094 bbe8      	OUT  0x18,R30
                 ; 0000 005C DDRB=0xFF;
000095 efef      	LDI  R30,LOW(255)
000096 bbe7      	OUT  0x17,R30
                 ; 0000 005D 
                 ; 0000 005E // Port C initialization
                 ; 0000 005F // Func6=In Func5=In Func4=In Func3=In Func2=In Func1=In Func0=In
                 ; 0000 0060 // State6=T State5=T State4=T State3=T State2=T State1=T State0=T
                 ; 0000 0061 PORTC=0x00;
000097 e0e0      	LDI  R30,LOW(0)
000098 bbe5      	OUT  0x15,R30
                 ; 0000 0062 DDRC=0x00;
000099 bbe4      	OUT  0x14,R30
                 ; 0000 0063 
                 ; 0000 0064 // Port D initialization
                 ; 0000 0065 // Func7=Out Func6=Out Func5=Out Func4=Out Func3=Out Func2=Out Func1=Out Func0=Out
                 ; 0000 0066 // State7=0 State6=0 State5=0 State4=0 State3=0 State2=0 State1=0 State0=0
                 ; 0000 0067 PORTD=0x00;
00009a bbe2      	OUT  0x12,R30
                 ; 0000 0068 DDRD=0xFF;
00009b efef      	LDI  R30,LOW(255)
00009c bbe1      	OUT  0x11,R30
                 ; 0000 0069 
                 ; 0000 006A // Timer/Counter 0 initialization
                 ; 0000 006B // Clock source: System Clock
                 ; 0000 006C // Clock value: Timer 0 Stopped
                 ; 0000 006D TCCR0=0x00;
00009d e0e0      	LDI  R30,LOW(0)
00009e bfe3      	OUT  0x33,R30
                 ; 0000 006E TCNT0=0x00;
00009f bfe2      	OUT  0x32,R30
                 ; 0000 006F 
                 ; 0000 0070 // Timer/Counter 1 initialization
                 ; 0000 0071 // Clock source: System Clock
                 ; 0000 0072 // Clock value: 125.000 kHz
                 ; 0000 0073 // Mode: Fast PWM top=0x00FF
                 ; 0000 0074 // OC1A output: Non-Inv.
                 ; 0000 0075 // OC1B output: Non-Inv.
                 ; 0000 0076 // Noise Canceler: Off
                 ; 0000 0077 // Input Capture on Falling Edge
                 ; 0000 0078 // Timer1 Overflow Interrupt: Off
                 ; 0000 0079 // Input Capture Interrupt: Off
                 ; 0000 007A // Compare A Match Interrupt: Off
                 ; 0000 007B // Compare B Match Interrupt: Off
                 ; 0000 007C TCCR1A=0xA1;
0000a0 eae1      	LDI  R30,LOW(161)
0000a1 bdef      	OUT  0x2F,R30
                 ; 0000 007D TCCR1B=0x0B;
0000a2 e0eb      	LDI  R30,LOW(11)
0000a3 bdee      	OUT  0x2E,R30
                 ; 0000 007E TCNT1H=0x00;
0000a4 e0e0      	LDI  R30,LOW(0)
0000a5 bded      	OUT  0x2D,R30
                 ; 0000 007F TCNT1L=0x00;
0000a6 bdec      	OUT  0x2C,R30
                 ; 0000 0080 ICR1H=0x00;
0000a7 bde7      	OUT  0x27,R30
                 ; 0000 0081 ICR1L=0x00;
0000a8 bde6      	OUT  0x26,R30
                 ; 0000 0082 OCR1AH=0x00;
0000a9 bdeb      	OUT  0x2B,R30
                 ; 0000 0083 OCR1AL=0x00;
0000aa bdea      	OUT  0x2A,R30
                 ; 0000 0084 OCR1BH=0x00;
0000ab bde9      	OUT  0x29,R30
                 ; 0000 0085 OCR1BL=0x00;
0000ac bde8      	OUT  0x28,R30
                 ; 0000 0086 
                 ; 0000 0087 // Timer/Counter 2 initialization
                 ; 0000 0088 // Clock source: System Clock
                 ; 0000 0089 // Clock value: Timer2 Stopped
                 ; 0000 008A // Mode: Normal top=0xFF
                 ; 0000 008B // OC2 output: Disconnected
                 ; 0000 008C ASSR=0x00;
0000ad bde2      	OUT  0x22,R30
                 ; 0000 008D TCCR2=0x00;
0000ae bde5      	OUT  0x25,R30
                 ; 0000 008E TCNT2=0x00;
0000af bde4      	OUT  0x24,R30
                 ; 0000 008F OCR2=0x00;
0000b0 bde3      	OUT  0x23,R30
                 ; 0000 0090 
                 ; 0000 0091 // External Interrupt(s) initialization
                 ; 0000 0092 // INT0: Off
                 ; 0000 0093 // INT1: Off
                 ; 0000 0094 MCUCR=0x00;
0000b1 bfe5      	OUT  0x35,R30
                 ; 0000 0095 
                 ; 0000 0096 // Timer(s)/Counter(s) Interrupt(s) initialization
                 ; 0000 0097 TIMSK=0x00;
0000b2 bfe9      	OUT  0x39,R30
                 ; 0000 0098 
                 ; 0000 0099 // USART initialization
                 ; 0000 009A // Communication Parameters: 8 Data, 1 Stop, No Parity
                 ; 0000 009B // USART Receiver: On
                 ; 0000 009C // USART Transmitter: On
                 ; 0000 009D // USART Mode: Asynchronous
                 ; 0000 009E // USART Baud Rate: 9600
                 ; 0000 009F UCSRA=0x00;
0000b3 b9eb      	OUT  0xB,R30
                 ; 0000 00A0 UCSRB=0x18;
0000b4 e1e8      	LDI  R30,LOW(24)
0000b5 b9ea      	OUT  0xA,R30
                 ; 0000 00A1 UCSRC=0x86;
0000b6 e8e6      	LDI  R30,LOW(134)
0000b7 bde0      	OUT  0x20,R30
                 ; 0000 00A2 UBRRH=0x00;
0000b8 e0e0      	LDI  R30,LOW(0)
0000b9 bde0      	OUT  0x20,R30
                 ; 0000 00A3 UBRRL=0x33;
0000ba e3e3      	LDI  R30,LOW(51)
0000bb b9e9      	OUT  0x9,R30
                 ; 0000 00A4 
                 ; 0000 00A5 // Analog Comparator initialization
                 ; 0000 00A6 // Analog Comparator: Off
                 ; 0000 00A7 // Analog Comparator Input Capture by Timer/Counter 1: Off
                 ; 0000 00A8 ACSR=0x80;
0000bc e8e0      	LDI  R30,LOW(128)
0000bd b9e8      	OUT  0x8,R30
                 ; 0000 00A9 SFIOR=0x00;
0000be e0e0      	LDI  R30,LOW(0)
0000bf bfe0      	OUT  0x30,R30
                 ; 0000 00AA 
                 ; 0000 00AB // ADC initialization
                 ; 0000 00AC // ADC disabled
                 ; 0000 00AD ADCSRA=0x00;
0000c0 b9e6      	OUT  0x6,R30
                 ; 0000 00AE 
                 ; 0000 00AF // SPI initialization
                 ; 0000 00B0 // SPI disabled
                 ; 0000 00B1 SPCR=0x00;
0000c1 b9ed      	OUT  0xD,R30
                 ; 0000 00B2 
                 ; 0000 00B3 // TWI initialization
                 ; 0000 00B4 // TWI disabled
                 ; 0000 00B5 TWCR=0x00;
0000c2 bfe6      	OUT  0x36,R30
                 ; 0000 00B6 while (1)
                 _0x29:
                 ; 0000 00B7       {
                 ; 0000 00B8       // Place your code here
                 ; 0000 00B9       buffer[0]=getchar();
0000c3 d028      	RCALL _getchar
0000c4 83e8      	ST   Y,R30
                 ; 0000 00BA       if(buffer[0]=='F')        motor(100,-100);
0000c5 81a8      	LD   R26,Y
0000c6 34a6      	CPI  R26,LOW(0x46)
0000c7 f421      	BRNE _0x2C
0000c8 e6e4      	LDI  R30,LOW(100)
0000c9 e0f0      	LDI  R31,HIGH(100)
0000ca d02b      	RCALL SUBOPT_0x2
0000cb c01d      	RJMP _0x3A
                 ; 0000 00BB       else if(buffer[0]=='R')   motor(100,0);
                 _0x2C:
0000cc 81a8      	LD   R26,Y
0000cd 35a2      	CPI  R26,LOW(0x52)
0000ce f419      	BRNE _0x2E
0000cf e6e4      	LDI  R30,LOW(100)
0000d0 e0f0      	LDI  R31,HIGH(100)
0000d1 c013      	RJMP _0x3B
                 ; 0000 00BC       else if(buffer[0]=='L')   motor(0,-100);
                 _0x2E:
0000d2 81a8      	LD   R26,Y
0000d3 34ac      	CPI  R26,LOW(0x4C)
0000d4 f421      	BRNE _0x30
0000d5 e0e0      	LDI  R30,LOW(0)
0000d6 e0f0      	LDI  R31,HIGH(0)
0000d7 d01e      	RCALL SUBOPT_0x2
0000d8 c010      	RJMP _0x3A
                 ; 0000 00BD       else if(buffer[0]=='B')   motor(100,-100);
                 _0x30:
0000d9 81a8      	LD   R26,Y
0000da 34a2      	CPI  R26,LOW(0x42)
0000db f421      	BRNE _0x32
0000dc e6e4      	LDI  R30,LOW(100)
0000dd e0f0      	LDI  R31,HIGH(100)
0000de d017      	RCALL SUBOPT_0x2
0000df c009      	RJMP _0x3A
                 ; 0000 00BE       else if(buffer[0]=='S')   motor(0,0);
                 _0x32:
0000e0 81a8      	LD   R26,Y
0000e1 35a3      	CPI  R26,LOW(0x53)
0000e2 f439      	BRNE _0x34
0000e3 e0e0      	LDI  R30,LOW(0)
0000e4 e0f0      	LDI  R31,HIGH(0)
                 _0x3B:
0000e5 93fa      	ST   -Y,R31
0000e6 93ea      	ST   -Y,R30
0000e7 e0a0      	LDI  R26,LOW(0)
0000e8 e0b0      	LDI  R27,0
                 _0x3A:
0000e9 df4f      	RCALL _motor
                 ; 0000 00BF       //motor(255,-255);
                 ; 0000 00C0       }
                 _0x34:
0000ea cfd8      	RJMP _0x29
                 ; 0000 00C1 }
                 _0x35:
0000eb cfff      	RJMP _0x35
                 ; .FEND
                 	#ifndef __SLEEP_DEFINED__
                 	#endif
                 
                 	.CSEG
                 _getchar:
                 ; .FSTART _getchar
                 getchar0:
0000ec 9b5f           sbis usr,rxc
0000ed cffe           rjmp getchar0
0000ee b1ec           in   r30,udr
0000ef 9508      	RET
                 ; .FEND
                 
                 	.CSEG
                 
                 	.CSEG
                 
                 	.CSEG
                 ;OPTIMIZER ADDED SUBROUTINE, CALLED 4 TIMES, CODE SIZE REDUCTION:1 WORDS
                 SUBOPT_0x0:
0000f0 efef      	LDI  R30,LOW(255)
0000f1 e0f0      	LDI  R31,HIGH(255)
0000f2 9508      	RET
                 
                 ;OPTIMIZER ADDED SUBROUTINE, CALLED 4 TIMES, CODE SIZE REDUCTION:1 WORDS
                 SUBOPT_0x1:
0000f3 e0e1      	LDI  R30,LOW(65281)
0000f4 efff      	LDI  R31,HIGH(65281)
0000f5 9508      	RET
                 
                 ;OPTIMIZER ADDED SUBROUTINE, CALLED 3 TIMES, CODE SIZE REDUCTION:4 WORDS
                 SUBOPT_0x2:
0000f6 93fa      	ST   -Y,R31
0000f7 93ea      	ST   -Y,R30
0000f8 e9ac      	LDI  R26,LOW(65436)
0000f9 efbf      	LDI  R27,HIGH(65436)
0000fa 9508      	RET
                 
                 
                 	.CSEG
                 __ANEGW1:
0000fb 95f1      	NEG  R31
0000fc 95e1      	NEG  R30
0000fd 40f0      	SBCI R31,0
0000fe 9508      	RET
                 
                 __CPW02:
0000ff 2400      	CLR  R0
000100 160a      	CP   R0,R26
000101 060b      	CPC  R0,R27
000102 9508      	RET
                 
                 ;END OF CODE MARKER
                 __END_OF_CODE:


RESOURCE USE INFORMATION
------------------------

Notice:
The register and instruction counts are symbol table hit counts,
and hence implicitly used resources are not counted, eg, the
'lpm' instruction without operands implicitly uses r0 and z,
none of which are counted.

x,y,z are separate entities in the symbol table and are
counted separately from r26..r31 here.

.dseg memory usage only counts static data declared with .byte

ATmega8 register use summary:
r0 :   3 r1 :   0 r2 :   0 r3 :   0 r4 :   0 r5 :   0 r6 :   0 r7 :   0 
r8 :   0 r9 :   0 r10:   0 r11:   0 r12:   0 r13:   0 r14:   0 r15:   0 
r16:   1 r17:   1 r18:   0 r19:   0 r20:   0 r21:   0 r22:   0 r23:   0 
r24:   4 r25:   1 r26:  30 r27:  15 r28:   6 r29:   1 r30:  85 r31:  25 
x  :   2 y  :  38 z  :   0 
Registers used: 13 out of 35 (37.1%)

ATmega8 instruction use summary:
.lds  :   0 .lds.l:   0 .sts  :   0 .sts.l:   0 adc   :   0 add   :   0 
adiw  :   1 and   :   0 andi  :   0 asr   :   0 bclr  :   0 bld   :   0 
brbc  :   0 brbs  :   0 brcc  :   0 brcs  :   0 break :   0 breq  :   0 
brge  :   2 brhc  :   0 brhs  :   0 brid  :   0 brie  :   0 brlo  :   0 
brlt  :   4 brmi  :   0 brne  :   7 brpl  :   2 brsh  :   0 brtc  :   0 
brts  :   0 brvc  :   0 brvs  :   0 bset  :   0 bst   :   0 cbi   :   4 
cbr   :   0 clc   :   0 clh   :   0 cli   :   1 cln   :   0 clr   :   3 
cls   :   0 clt   :   0 clv   :   0 clz   :   0 com   :   0 cp    :   3 
cpc   :   5 cpi   :   7 cpse  :   0 dec   :   1 des   :   0 eor   :   0 
fmul  :   0 fmuls :   0 fmulsu:   0 icall :   0 ijmp  :   0 in    :   1 
inc   :   0 ld    :  10 ldd   :  17 ldi   :  47 lds   :   0 lpm   :   0 
lsl   :   0 lsr   :   0 mov   :   0 movw  :   0 mul   :   0 muls  :   0 
mulsu :   0 neg   :   2 nop   :   0 or    :   0 ori   :   0 out   :  46 
pop   :   0 push  :   0 rcall :  17 ret   :   7 reti  :   0 rjmp  :  33 
rol   :   0 ror   :   0 sbc   :   0 sbci  :   1 sbi   :   8 sbic  :   0 
sbis  :   1 sbiw  :   5 sbr   :   0 sbrc  :   0 sbrs  :   0 sec   :   0 
seh   :   0 sei   :   0 sen   :   0 ser   :   0 ses   :   0 set   :   0 
sev   :   0 sez   :   0 sleep :   0 spm   :   0 st    :  10 std   :   3 
sts   :   0 sub   :   0 subi  :   0 swap  :   0 tst   :   2 wdr   :   0 

Instructions used: 28 out of 114 (24.6%)

ATmega8 memory use summary [bytes]:
Segment   Begin    End      Code   Data   Used    Size   Use%
---------------------------------------------------------------
[.cseg] 0x000000 0x000206    500     18    518    8192   6.3%
[.dseg] 0x000060 0x000160      0      0      0    1024   0.0%
[.eseg] 0x000000 0x000000      0      0      0     512   0.0%

Assembly complete, 0 errors, 0 warnings
