RAM Allocation [bytes]
Variable                                                                          Address   Size
------------------------------------------------------------------------------------------------
glcd_state                                                                        0x0165      29
Accel_Raw_Val                                                                     0x0182      12
AvrgAccel_Raw_Val                                                                 0x018E      12
Accel_In_g                                                                        0x019A      12
Accel_Offset_Val                                                                  0x01A6      12
Accel_Angle                                                                       0x01B2      12
Gyro_Raw_Val                                                                      0x01BE      12
AvrgGyro_Raw_Val                                                                  0x01CA      12
Gyro_Offset_Val                                                                   0x01D6      12
GyroRate_Val                                                                      0x01E2      12
Temp_Val                                                                          0x01EE       4
gx                                                                                0x01F2       2
gy                                                                                0x01F4       2
gz                                                                                0x01F6       2
ax                                                                                0x01F8       2
ay                                                                                0x01FA       2
az                                                                                0x01FC       2
cmp                                                                               0x01FE       2
gfx_addr                                                                          0x0200       2
gfx_buffer                                                                        0x0202     504
_seed                                                                             0x03FA       4

EEPROM Allocation [bytes]
Variable                                                                          Address   Size
------------------------------------------------------------------------------------------------

Register Allocation
Variable                                                                          Register  Size
------------------------------------------------------------------------------------------------
cnt1                                                                              R4,R5        2
a1                                                                                R6,R7        2
a2                                                                                R8,R9        2
a3                                                                                R10,R11      2
a4                                                                                R12,R13      2

FLASH Allocation [words]
Function                                                                          Address   Size
------------------------------------------------------------------------------------------------
read_i2c                                                                          0x00167     29
write_i2c                                                                         0x00184     16
MPU6050_Init                                                                      0x00194    138
Get_Accel_Offset                                                                  0x0021E    151
Get_Gyro_Offset                                                                   0x002B5    127
Get_Gyro_Val                                                                      0x00334    148
main                                                                              0x003C8    166
pcd8544_delay_G100                                                                0x0046E      1
pcd8544_wrbus_G100                                                                0x0046F     24
pcd8544_wrcmd                                                                     0x00487      5
pcd8544_wrdata_G100                                                               0x0048C      5
pcd8544_setaddr_G100                                                              0x00491     23
pcd8544_gotoxy                                                                    0x004A8     14
pcd8544_rdbyte                                                                    0x004B6     14
pcd8544_wrbyte                                                                    0x004C4      7
glcd_init                                                                         0x004CB    126
glcd_display                                                                      0x00549     11
glcd_clear                                                                        0x00554     30
pcd8544_wrmasked_G100                                                             0x00572     57
glcd_block                                                                        0x005AB    481
glcd_clipx                                                                        0x0078C     21
glcd_clipy                                                                        0x007A1     19
glcd_getcharw_G101                                                                0x007B4    111
glcd_new_line_G101                                                                0x00823     20
glcd_putchar                                                                      0x00837     98
glcd_outtextxy                                                                    0x00899     21
glcd_moveto                                                                       0x008AE     13
memset                                                                            0x008BB     16
glcd_getmask                                                                      0x008CB     11
glcd_mappixcolor1bit                                                              0x008D6     40
glcd_readmem                                                                      0x008FE     31
glcd_writemem                                                                     0x0091D     31
