RAM Allocation [bytes]
Variable                                                                          Address   Size
------------------------------------------------------------------------------------------------
_base_y                                                                           0x0165       4

EEPROM Allocation [bytes]
Variable                                                                          Address   Size
------------------------------------------------------------------------------------------------

Register Allocation
Variable                                                                          Register  Size
------------------------------------------------------------------------------------------------
_lcd_x                                                                            R5           1
_lcd_y                                                                            R4           1
_lcd_maxx                                                                         R7           1

FLASH Allocation [words]
Function                                                                          Address   Size
------------------------------------------------------------------------------------------------
main                                                                              0x0006B     63
_lcd_write_nibble_G100                                                            0x000AA     21
_lcd_write_data                                                                   0x000BF     13
lcd_gotoxy                                                                        0x000CC     13
lcd_clear                                                                         0x000D9     12
lcd_putchar                                                                       0x000E5     23
lcd_init                                                                          0x000FC     46
getchar                                                                           0x0012A      4
putchar                                                                           0x0012E      7
puts                                                                              0x00135     19
